01:10:56 **** Incremental Build of configuration Debug for project time_base_10micro ****
make all 
Building file: ../Src/main.c
Invoking: MCU GCC Compiler
D:\STM32_Peripherals_kiran\MCU2_Udemy_Course\MyWorkSpace_SB\MasteringMCU2_WS\time_base_10micro\Debug
arm-none-eabi-gcc -mcpu=cortex-m4 -mthumb -mfloat-abi=hard -mfpu=fpv4-sp-d16 '-D__weak=__attribute__((weak))' '-D__packed=__attribute__((__packed__))' -DUSE_HAL_DRIVER -DSTM32F446xx -I"D:/STM32_Peripherals_kiran/MCU2_Udemy_Course/MyWorkSpace_SB/MasteringMCU2_WS/time_base_10micro/Inc" -I"D:/STM32_Peripherals_kiran/MCU2_Udemy_Course/MyWorkSpace_SB/MasteringMCU2_WS/time_base_10micro/Drivers/STM32F4xx_HAL_Driver/Inc" -I"D:/STM32_Peripherals_kiran/MCU2_Udemy_Course/MyWorkSpace_SB/MasteringMCU2_WS/time_base_10micro/Drivers/STM32F4xx_HAL_Driver/Inc/Legacy" -I"D:/STM32_Peripherals_kiran/MCU2_Udemy_Course/MyWorkSpace_SB/MasteringMCU2_WS/time_base_10micro/Drivers/CMSIS/Device/ST/STM32F4xx/Include" -I"D:/STM32_Peripherals_kiran/MCU2_Udemy_Course/MyWorkSpace_SB/MasteringMCU2_WS/time_base_10micro/Drivers/CMSIS/Include"  -Og -g3 -Wall -fmessage-length=0 -ffunction-sections -c -fmessage-length=0 -MMD -MP -MF"Src/main.d" -MT"Src/main.o" -o "Src/main.o" "../Src/main.c"
Finished building: ../Src/main.c
 
Building target: time_base_10micro.elf
Invoking: MCU GCC Linker
arm-none-eabi-gcc -mcpu=cortex-m4 -mthumb -mfloat-abi=hard -mfpu=fpv4-sp-d16 -specs=nosys.specs -specs=nano.specs -T"../STM32F446RETx_FLASH.ld" -Wl,-Map=output.map -Wl,--gc-sections -o "time_base_10micro.elf" @"objects.list"   -lm
Finished building target: time_base_10micro.elf
 
C:/AC6/SystemWorkbench/plugins/fr.ac6.mcu.externaltools.arm-none.win32_1.17.0.201812190825/tools/make/make --no-print-directory post-build
Generating hex and Printing size information:
arm-none-eabi-objcopy -O ihex "time_base_10micro.elf" "time_base_10micro.hex"
arm-none-eabi-size "time_base_10micro.elf"
   text	   data	    bss	    dec	    hex	filename
   5348	     20	   1636	   7004	   1b5c	time_base_10micro.elf
 
01:11:14 **** Programming project time_base_10micro on chip ****
"C:\\AC6\\SystemWorkbench\\plugins\\fr.ac6.mcu.externaltools.openocd.win32_1.23.0.201904120827\\tools\\openocd\\bin\\openocd.exe" -f stm32.flash.7954749331639433706.cfg -s "D:\\STM32_Peripherals_kiran\\MCU2_Udemy_Course\\MyWorkSpace_SB\\MasteringMCU2_WS\\time_base_10micro" -s "C:\\AC6\\SystemWorkbench\\plugins\\fr.ac6.mcu.debug_2.5.0.201904120827\\resources\\openocd\\st_scripts" -c "program Debug/time_base_100ms2_IT.elf verify reset " -c shutdown 
Open On-Chip Debugger 0.10.0+dev-00021-g524e8c8 (2019-04-12-08:48)
Licensed under GNU GPL v2
For bug reports, read
	http://openocd.org/doc/doxygen/bugs.html
srst_only separate srst_nogate srst_open_drain connect_assert_srst
Info : The selected transport took over low-level target control. The results might differ compared to plain JTAG/SWD
adapter speed: 8000 kHz
adapter_nsrst_delay: 100
Info : clock speed 8000 kHz
Info : STLINK v2.1 JTAG v34 API v2 M25 VID 0x0483 PID 0x374B
Info : using stlink api v2
Info : Target voltage: 3.259279
Info : Unable to match requested speed 8000 kHz, using 4000 kHz
Info : Stlink adapter speed set to 4000 kHz
Info : STM32F446RETx.cpu: hardware has 6 breakpoints, 4 watchpoints
Info : Listening on port 3333 for gdb connections
target halted due to debug-request, current mode: Thread 
xPSR: 0x01000000 pc: 0x08000958 msp: 0x20020000
configuring PLL
Info : Unable to match requested speed 8000 kHz, using 4000 kHz
Info : Stlink adapter speed set to 4000 kHz
Info : Unable to match requested speed 8000 kHz, using 4000 kHz
adapter speed: 4000 kHz
** Programming Started **
auto erase enabled
Info : device id = 0x10006421
Info : flash size = 512kbytes
target halted due to breakpoint, current mode: Thread 
xPSR: 0x61000000 pc: 0x20000046 msp: 0x20020000
wrote 16384 bytes from file Debug/time_base_100ms2_IT.elf in 0.598134s (26.750 KiB/s)
** Programming Finished **
** Verify Started **
target halted due to breakpoint, current mode: Thread 
xPSR: 0x61000000 pc: 0x2000002e msp: 0x20020000
verified 2592 bytes in 0.113696s (22.263 KiB/s)
** Verified OK **
** Resetting Target **
shutdown command invoked
